
=== compute-unit metering (max CU per instruction) ===
  advance_phase            451 CU   (x1)
  claim_proposer          8544 CU   (x1)
  create_oracle          15255 CU   (x1)
  finalize_ai_claims      1209 CU   (x1)
  finalize_facts          2460 CU   (x1)
  finalize_oracle         5702 CU   (x1)
  finalize_proposals       891 CU   (x1)
  init_protocol           4102 CU   (x1)
  propose                10858 CU   (x2)
  submit_ai_claim         5177 CU   (x2)
  submit_fact            10851 CU   (x1)
  vote_fact               9487 CU   (x1)
=======================================================
